<html>
<body>
<pre>
<h1>µVision Build Log</h1>
<h2>Project:</h2>
E:\v24ce9b1\BALA\ARM\PROJECT\MAIN PROJECT\INDUSTRIAL SAFETY\INDUSTRIAL_SAFETY.uvproj
Project File Date:  11/13/2025

<h2>Output:</h2>
Build target 'Target 1'
assembling Startup.s...
compiling RFID_CAN.c...
linking...
Program Size: Code=1892 RO-data=16 RW-data=0 ZI-data=1320  
FromELF: creating hex file...
"..\RFID\RFID_CAN.axf" - 0 Error(s), 0 Warning(s).
Build target 'Target 1'
assembling Startup.s...
compiling receive.c...
linking...
Program Size: Code=4616 RO-data=16 RW-data=0 ZI-data=1256  
FromELF: creating hex file...
"..\RFID\A.axf" - 0 Error(s), 0 Warning(s).
